src/app/activities/[id]/page.tsx(60,54): error TS2345: Argument of type 'IWorkout[]' is not assignable to parameter of type 'AnyWorkout[]'.
  Type 'IWorkout' is not assignable to type 'AnyWorkout'.
    Type 'IWorkout' is not assignable to type 'ISwimWorkout'.
      Types of property 'type' are incompatible.
        Type 'WorkoutType' is not assignable to type '"Swim"'.
          Type '"Run"' is not assignable to type '"Swim"'.
src/app/activities/[id]/page.tsx(63,35): error TS2339: Property 'biometrics' does not exist on type 'never'.
src/app/activities/[id]/page.tsx(64,80): error TS2339: Property 'biometrics' does not exist on type 'never'.
src/app/analytics/page.tsx(13,16): error TS7031: Binding element 'label' implicitly has an 'any' type.
src/app/analytics/page.tsx(13,23): error TS7031: Binding element 'value' implicitly has an 'any' type.
src/app/analytics/page.tsx(13,30): error TS7031: Binding element 'delta' implicitly has an 'any' type.
src/app/analytics/page.tsx(13,37): error TS7031: Binding element 'icon' implicitly has an 'any' type.
src/app/api/activities/[id]/route.ts(8,27): error TS7006: Parameter 'request' implicitly has an 'any' type.
src/app/api/activities/[id]/route.ts(8,38): error TS7031: Binding element 'params' implicitly has an 'any' type.
src/app/api/activities/[id]/route.ts(58,29): error TS7006: Parameter 'request' implicitly has an 'any' type.
src/app/api/activities/[id]/route.ts(58,40): error TS7031: Binding element 'params' implicitly has an 'any' type.
src/app/api/activities/[id]/route.ts(71,54): error TS2339: Property 'manualDistance' does not exist on type '{}'.
src/app/api/activities/[id]/route.ts(72,56): error TS2339: Property 'manualMovingTime' does not exist on type '{}'.
src/app/api/activities/[id]/route.ts(78,28): error TS2339: Property 'laps' does not exist on type '{}'.
src/app/api/activities/[id]/route.ts(85,25): error TS7053: Element implicitly has an 'any' type because expression of type '`laps.${any}.manualDistance`' can't be used to index type '{}'.
src/app/api/activities/[id]/route.ts(88,25): error TS7053: Element implicitly has an 'any' type because expression of type '`laps.${any}.manualMovingTime`' can't be used to index type '{}'.
src/app/api/activities/route.ts(16,27): error TS7006: Parameter 'request' implicitly has an 'any' type.
src/app/api/activities/route.ts(48,28): error TS2339: Property 'after' does not exist on type '{}'.
src/app/api/activities/route.ts(49,29): error TS2339: Property 'before' does not exist on type '{}'.
src/app/api/activities/route.ts(50,27): error TS2339: Property 'page' does not exist on type '{}'.
src/app/api/activities/route.ts(51,30): error TS2339: Property 'perPage' does not exist on type '{}'.
src/app/api/activities/status/route.ts(11,27): error TS7006: Parameter 'request' implicitly has an 'any' type.
src/app/api/activities/sync/route.ts(14,28): error TS7006: Parameter 'request' implicitly has an 'any' type.
src/app/api/activities/sync/route.ts(49,56): error TS7006: Parameter 'a' implicitly has an 'any' type.
src/app/api/activities/sync/route.ts(53,59): error TS7006: Parameter 'a' implicitly has an 'any' type.
src/app/api/activities/sync/route.ts(66,15): error TS7034: Variable 'errors' implicitly has type 'any[]' in some locations where its type cannot be determined.
src/app/api/activities/sync/route.ts(68,53): error TS7006: Parameter 'activitySummary' implicitly has an 'any' type.
src/app/api/activities/sync/route.ts(79,62): error TS18046: 'err' is of type 'unknown'.
src/app/api/activities/sync/route.ts(82,21): error TS18046: 'err' is of type 'unknown'.
src/app/api/activities/sync/route.ts(82,36): error TS18046: 'err' is of type 'unknown'.
src/app/api/activities/sync/route.ts(96,41): error TS7005: Variable 'errors' implicitly has an 'any[]' type.
src/app/api/activities/sync/route.ts(100,13): error TS18046: 'err' is of type 'unknown'.
src/app/api/activities/sync/route.ts(110,60): error TS18046: 'err' is of type 'unknown'.
src/app/api/activities/sync/route.ts(117,28): error TS7006: Parameter 'detail' implicitly has an 'any' type.
src/app/api/activities/sync/route.ts(117,36): error TS7006: Parameter 'laps' implicitly has an 'any' type.
src/app/api/activities/sync/route.ts(117,42): error TS7006: Parameter 'streams' implicitly has an 'any' type.
src/app/api/activities/sync/route.ts(117,51): error TS7006: Parameter 'stravaId' implicitly has an 'any' type.
src/app/api/activities/sync/route.ts(145,25): error TS7006: Parameter 'lap' implicitly has an 'any' type.
src/app/api/activities/sync/route.ts(145,30): error TS7006: Parameter 'index' implicitly has an 'any' type.
src/app/api/activities/today/route.ts(12,27): error TS7006: Parameter 'request' implicitly has an 'any' type.
src/app/api/athlete/profile/route.ts(4,27): error TS7006: Parameter 'request' implicitly has an 'any' type.
src/app/api/athlete/profile/route.ts(36,29): error TS7006: Parameter 'request' implicitly has an 'any' type.
src/app/api/athlete/profile/route.ts(49,36): error TS2339: Property 'biometrics' does not exist on type '{}'.
src/app/api/athlete/profile/route.ts(50,39): error TS2339: Property 'trainingZones' does not exist on type '{}'.
src/app/api/athlete/profile/route.ts(51,37): error TS2339: Property 'seasonGoals' does not exist on type '{}'.
src/app/api/auth/logout/route.ts(7,27): error TS7006: Parameter 'request' implicitly has an 'any' type.
src/app/api/auth/strava/callback/route.ts(10,27): error TS7006: Parameter 'request' implicitly has an 'any' type.
src/app/api/auth/strava/refresh/route.ts(11,28): error TS7006: Parameter 'request' implicitly has an 'any' type.
src/app/layout-client.tsx(7,40): error TS7031: Binding element 'children' implicitly has an 'any' type.
src/app/layout.tsx(20,38): error TS7031: Binding element 'children' implicitly has an 'any' type.
src/app/login/page.tsx(84,24): error TS7031: Binding element 'icon' implicitly has an 'any' type.
src/app/login/page.tsx(84,30): error TS7031: Binding element 'title' implicitly has an 'any' type.
src/app/login/page.tsx(84,37): error TS7031: Binding element 'description' implicitly has an 'any' type.
src/app/page.tsx(134,21): error TS2322: Type '{ isToday: boolean; day: string; date: string; fullDate: string; type: WorkoutType; completed: boolean; title: string; description: string; duration: number; distance?: number | undefined; workout?: { ...; } | undefined; }[]' is not assignable to type 'never[]'.
  Type '{ isToday: boolean; day: string; date: string; fullDate: string; type: WorkoutType; completed: boolean; title: string; description: string; duration: number; distance?: number; workout?: { warmup?: IWarmup; main: unknown; coolDown?: ICoolDown; }; }' is not assignable to type 'never'.
src/app/page.tsx(167,70): error TS2339: Property 'stravaId' does not exist on type 'never'.
src/app/plan/page.tsx(52,23): error TS7006: Parameter 'type' implicitly has an 'any' type.
src/app/plan/page.tsx(63,18): error TS7006: Parameter 'type' implicitly has an 'any' type.
src/app/plan/page.tsx(79,24): error TS7006: Parameter 'dateStr' implicitly has an 'any' type.
src/app/plan/page.tsx(86,25): error TS7006: Parameter 'seconds' implicitly has an 'any' type.
src/app/plan/page.tsx(95,32): error TS7031: Binding element 'item' implicitly has an 'any' type.
src/app/plan/page.tsx(95,38): error TS7031: Binding element 'isOverlay' implicitly has an 'any' type.
src/app/plan/page.tsx(175,25): error TS7031: Binding element 'day' implicitly has an 'any' type.
src/app/plan/page.tsx(175,30): error TS7031: Binding element 'isToday' implicitly has an 'any' type.
src/app/plan/page.tsx(175,39): error TS7031: Binding element 'isCurrentMonth' implicitly has an 'any' type.
src/app/plan/page.tsx(192,51): error TS7006: Parameter 'w' implicitly has an 'any' type.
src/app/plan/page.tsx(192,54): error TS7006: Parameter 'i' implicitly has an 'any' type.
src/app/plan/page.tsx(206,22): error TS7031: Binding element 'dayDate' implicitly has an 'any' type.
src/app/plan/page.tsx(206,31): error TS7031: Binding element 'items' implicitly has an 'any' type.
src/app/plan/page.tsx(206,38): error TS7031: Binding element 'isToday' implicitly has an 'any' type.
src/app/plan/page.tsx(206,47): error TS7031: Binding element 'onDayClick' implicitly has an 'any' type.
src/app/plan/page.tsx(239,34): error TS7006: Parameter 'i' implicitly has an 'any' type.
src/app/plan/page.tsx(243,33): error TS7006: Parameter 'item' implicitly has an 'any' type.
src/app/plan/page.tsx(244,26): error TS2741: Property 'isOverlay' is missing in type '{ key: any; item: any; }' but required in type '{ item: any; isOverlay: any; }'.
src/app/plan/page.tsx(296,30): error TS2345: Argument of type '{ _id: string; isCompleted: boolean; actualData: null; isToday: boolean; day: string; date: string; fullDate: string; type: WorkoutType; completed: boolean; title: string; description: string; duration: number; distance?: number | undefined; workout?: { ...; } | undefined; }[]' is not assignable to parameter of type 'SetStateAction<never[]>'.
  Type '{ _id: string; isCompleted: boolean; actualData: null; isToday: boolean; day: string; date: string; fullDate: string; type: WorkoutType; completed: boolean; title: string; description: string; duration: number; distance?: number | undefined; workout?: { ...; } | undefined; }[]' is not assignable to type 'never[]'.
    Type '{ _id: string; isCompleted: boolean; actualData: null; isToday: boolean; day: string; date: string; fullDate: string; type: WorkoutType; completed: boolean; title: string; description: string; duration: number; distance?: number; workout?: { warmup?: IWarmup; main: unknown; coolDown?: ICoolDown; }; }' is not assignable to type 'never'.
src/app/plan/page.tsx(315,37): error TS2339: Property 'start_date_local' does not exist on type 'never'.
src/app/plan/page.tsx(315,61): error TS2339: Property 'start_date' does not exist on type 'never'.
src/app/plan/page.tsx(315,79): error TS2339: Property 'startDate' does not exist on type 'never'.
src/app/plan/page.tsx(320,57): error TS2339: Property 'type' does not exist on type 'never'.
src/app/plan/page.tsx(321,62): error TS2339: Property 'type' does not exist on type 'never'.
src/app/plan/page.tsx(321,85): error TS2339: Property 'type' does not exist on type 'never'.
src/app/plan/page.tsx(322,61): error TS2339: Property 'type' does not exist on type 'never'.
src/app/plan/page.tsx(323,30): error TS2367: This comparison appears to be unintentional because the types 'WorkoutType' and '"Strength"' have no overlap.
src/app/plan/page.tsx(323,65): error TS2339: Property 'type' does not exist on type 'never'.
src/app/plan/page.tsx(324,62): error TS2339: Property 'type' does not exist on type 'never'.
src/app/plan/page.tsx(349,52): error TS2339: Property 'moving_time' does not exist on type 'never'.
src/app/plan/page.tsx(350,53): error TS2339: Property 'distance' does not exist on type 'never'.
src/app/plan/page.tsx(373,30): error TS7006: Parameter 'event' implicitly has an 'any' type.
src/app/plan/page.tsx(377,28): error TS7006: Parameter 'event' implicitly has an 'any' type.
src/app/plan/page.tsx(383,57): error TS2339: Property '_id' does not exist on type 'never'.
src/app/plan/page.tsx(391,59): error TS2339: Property '_id' does not exist on type 'never'.
src/app/plan/page.tsx(392,55): error TS2339: Property 'fullDate' does not exist on type 'never'.
src/app/plan/page.tsx(395,56): error TS2339: Property 'fullDate' does not exist on type 'never'.
src/app/plan/page.tsx(396,30): error TS2345: Argument of type '(prev: never[]) => any[]' is not assignable to parameter of type 'SetStateAction<never[]>'.
  Type '(prev: never[]) => any[]' is not assignable to type '(prevState: never[]) => never[]'.
    Type 'any[]' is not assignable to type 'never[]'.
      Type 'any' is not assignable to type 'never'.
src/app/plan/page.tsx(398,27): error TS2339: Property '_id' does not exist on type 'never'.
src/app/plan/page.tsx(401,29): error TS2698: Spread types may only be created from object types.
src/app/plan/page.tsx(427,27): error TS7006: Parameter 'direction' implicitly has an 'any' type.
src/app/plan/page.tsx(444,35): error TS2362: The left-hand side of an arithmetic operation must be of type 'any', 'number', 'bigint' or an enum type.
src/app/plan/page.tsx(444,45): error TS2363: The right-hand side of an arithmetic operation must be of type 'any', 'number', 'bigint' or an enum type.
src/app/plan/page.tsx(459,57): error TS2769: No overload matches this call.
  Overload 1 of 3, '(locales?: LocalesArgument, options?: DateTimeFormatOptions | undefined): string', gave the following error.
    Argument of type '{ month: string; day: string; }' is not assignable to parameter of type 'DateTimeFormatOptions'.
      Types of property 'month' are incompatible.
        Type 'string' is not assignable to type '"long" | "short" | "narrow" | "numeric" | "2-digit" | undefined'.
  Overload 2 of 3, '(locales?: string | string[] | undefined, options?: DateTimeFormatOptions | undefined): string', gave the following error.
    Argument of type '{ month: string; day: string; }' is not assignable to parameter of type 'DateTimeFormatOptions'.
      Types of property 'month' are incompatible.
        Type 'string' is not assignable to type '"long" | "short" | "narrow" | "numeric" | "2-digit" | undefined'.
src/app/plan/page.tsx(459,103): error TS2769: No overload matches this call.
  Overload 1 of 3, '(locales?: LocalesArgument, options?: DateTimeFormatOptions | undefined): string', gave the following error.
    Argument of type '{ month: string; day: string; }' is not assignable to parameter of type 'DateTimeFormatOptions'.
      Types of property 'month' are incompatible.
        Type 'string' is not assignable to type '"long" | "short" | "narrow" | "numeric" | "2-digit" | undefined'.
  Overload 2 of 3, '(locales?: string | string[] | undefined, options?: DateTimeFormatOptions | undefined): string', gave the following error.
    Argument of type '{ month: string; day: string; }' is not assignable to parameter of type 'DateTimeFormatOptions'.
      Types of property 'month' are incompatible.
        Type 'string' is not assignable to type '"long" | "short" | "narrow" | "numeric" | "2-digit" | undefined'.
src/app/plan/page.tsx(546,29): error TS2322: Type 'number' is not assignable to type 'string'.
src/app/plan/page.tsx(556,55): error TS2345: Argument of type 'string | undefined' is not assignable to parameter of type 'string'.
  Type 'undefined' is not assignable to type 'string'.
src/app/plan/page.tsx(693,50): error TS7006: Parameter 'd' implicitly has an 'any' type.
src/app/plan/page.tsx(702,65): error TS2339: Property '_id' does not exist on type 'never'.
src/app/profile/page.tsx(17,26): error TS7006: Parameter 'value' implicitly has an 'any' type.
src/app/profile/page.tsx(53,25): error TS7031: Binding element 'error' implicitly has an 'any' type.
src/app/profile/page.tsx(62,27): error TS7031: Binding element 'label' implicitly has an 'any' type.
src/app/profile/page.tsx(62,43): error TS7031: Binding element 'value' implicitly has an 'any' type.
src/app/profile/page.tsx(62,50): error TS7031: Binding element 'onChange' implicitly has an 'any' type.
src/app/profile/page.tsx(62,62): error TS7031: Binding element 'editing' implicitly has an 'any' type.
src/app/profile/page.tsx(62,71): error TS7031: Binding element 'placeholder' implicitly has an 'any' type.
src/app/profile/page.tsx(62,84): error TS7031: Binding element 'error' implicitly has an 'any' type.
src/app/profile/page.tsx(85,22): error TS7031: Binding element 'title' implicitly has an 'any' type.
src/app/profile/page.tsx(85,29): error TS7031: Binding element 'zones' implicitly has an 'any' type.
src/app/profile/page.tsx(85,36): error TS7031: Binding element 'type' implicitly has an 'any' type.
src/app/profile/page.tsx(85,42): error TS7031: Binding element 'editing' implicitly has an 'any' type.
src/app/profile/page.tsx(85,51): error TS7031: Binding element 'onChange' implicitly has an 'any' type.
src/app/profile/page.tsx(85,61): error TS7031: Binding element 'isOverridden' implicitly has an 'any' type.
src/app/profile/page.tsx(85,75): error TS7031: Binding element 'onReset' implicitly has an 'any' type.
src/app/profile/page.tsx(107,37): error TS7006: Parameter 'zone' implicitly has an 'any' type.
src/app/profile/page.tsx(107,43): error TS7006: Parameter 'idx' implicitly has an 'any' type.
src/app/profile/page.tsx(149,21): error TS7031: Binding element 'goal' implicitly has an 'any' type.
src/app/profile/page.tsx(149,27): error TS7031: Binding element 'editing' implicitly has an 'any' type.
src/app/profile/page.tsx(149,36): error TS7031: Binding element 'control' implicitly has an 'any' type.
src/app/profile/page.tsx(149,45): error TS7031: Binding element 'index' implicitly has an 'any' type.
src/app/profile/page.tsx(149,52): error TS7031: Binding element 'onDelete' implicitly has an 'any' type.
src/app/profile/page.tsx(149,62): error TS7031: Binding element 'errors' implicitly has an 'any' type.
src/app/profile/page.tsx(321,27): error TS2322: Type 'string' is not assignable to type 'number'.
src/app/profile/page.tsx(321,39): error TS2322: Type 'string' is not assignable to type 'number'.
src/app/profile/page.tsx(321,51): error TS2322: Type 'string' is not assignable to type 'number'.
src/app/profile/page.tsx(321,66): error TS2322: Type 'string' is not assignable to type 'number'.
src/app/profile/page.tsx(321,77): error TS2322: Type 'string' is not assignable to type 'number'.
src/app/profile/page.tsx(390,48): error TS7006: Parameter 'field' implicitly has an 'any' type.
src/app/profile/page.tsx(390,55): error TS7006: Parameter 'value' implicitly has an 'any' type.
src/app/profile/page.tsx(391,18): error TS2345: Argument of type '`biometrics.${any}`' is not assignable to parameter of type '"biometrics" | "trainingZones" | "seasonGoals" | "trainingZones.hr" | "trainingZones.cycling" | "trainingZones.swimming" | "biometrics.height" | "biometrics.weight" | "biometrics.restingHR" | ... 16 more ... | `seasonGoals.${number}.estimatedTime`'.
src/app/profile/page.tsx(410,31): error TS7006: Parameter 'type' implicitly has an 'any' type.
src/app/profile/page.tsx(410,37): error TS7006: Parameter 'index' implicitly has an 'any' type.
src/app/profile/page.tsx(410,44): error TS7006: Parameter 'field' implicitly has an 'any' type.
src/app/profile/page.tsx(410,51): error TS7006: Parameter 'value' implicitly has an 'any' type.
src/app/profile/page.tsx(411,30): error TS18047: 'trainingZones' is possibly 'null'.
src/app/profile/page.tsx(411,30): error TS7053: Element implicitly has an 'any' type because expression of type 'any' can't be used to index type '{ hr?: any[] | null | undefined; cycling?: any[] | null | undefined; swimming?: any[] | null | undefined; }'.
src/app/profile/page.tsx(413,18): error TS2345: Argument of type '`trainingZones.${any}`' is not assignable to parameter of type '"biometrics" | "trainingZones" | "seasonGoals" | "trainingZones.hr" | "trainingZones.cycling" | "trainingZones.swimming" | "biometrics.height" | "biometrics.weight" | "biometrics.restingHR" | ... 16 more ... | `seasonGoals.${number}.estimatedTime`'.
src/app/profile/page.tsx(414,14): error TS7053: Element implicitly has an 'any' type because expression of type 'any' can't be used to index type '{ hr: boolean; cycling: boolean; swimming: boolean; }'.
src/app/profile/page.tsx(417,25): error TS7006: Parameter 'type' implicitly has an 'any' type.
src/app/profile/page.tsx(419,13): error TS7034: Variable 'calculated' implicitly has type 'any[]' in some locations where its type cannot be determined.
src/app/profile/page.tsx(424,18): error TS2345: Argument of type '`trainingZones.${any}`' is not assignable to parameter of type '"biometrics" | "trainingZones" | "seasonGoals" | "trainingZones.hr" | "trainingZones.cycling" | "trainingZones.swimming" | "biometrics.height" | "biometrics.weight" | "biometrics.restingHR" | ... 16 more ... | `seasonGoals.${number}.estimatedTime`'.
src/app/profile/page.tsx(424,43): error TS7005: Variable 'calculated' implicitly has an 'any[]' type.
src/app/profile/page.tsx(428,31): error TS7006: Parameter 'data' implicitly has an 'any' type.
src/app/profile/page.tsx(496,49): error TS18047: 'originalData' is possibly 'null'.
src/app/profile/page.tsx(497,52): error TS18047: 'originalData' is possibly 'null'.
src/app/profile/page.tsx(498,50): error TS18047: 'originalData' is possibly 'null'.
src/app/profile/page.tsx(530,104): error TS2741: Property 'placeholder' is missing in type '{ label: string; field: ControllerRenderProps<{ biometrics: { height?: number | null | undefined; weight?: number | null | undefined; restingHR?: number | null | undefined; maxHR?: number | null | undefined; ftp?: number | ... 1 more ... | undefined; css?: string | ... 1 more ... | undefined; }; seasonGoals: { ...; ...' but required in type '{ label: any; field: { value: any; onChange: any; }; editing: any; placeholder: any; error: any; }'.
src/app/profile/page.tsx(531,104): error TS2741: Property 'placeholder' is missing in type '{ label: string; field: ControllerRenderProps<{ biometrics: { height?: number | null | undefined; weight?: number | null | undefined; restingHR?: number | null | undefined; maxHR?: number | null | undefined; ftp?: number | ... 1 more ... | undefined; css?: string | ... 1 more ... | undefined; }; seasonGoals: { ...; ...' but required in type '{ label: any; field: { value: any; onChange: any; }; editing: any; placeholder: any; error: any; }'.
src/app/profile/page.tsx(536,34): error TS2741: Property 'placeholder' is missing in type '{ label: string; field: { onChange: (e: any) => void; onBlur: Noop; value: number | null | undefined; disabled?: boolean | undefined; name: "biometrics.restingHR"; ref: RefCallBack; }; editing: boolean; error: FieldError | undefined; }' but required in type '{ label: any; field: { value: any; onChange: any; }; editing: any; placeholder: any; error: any; }'.
src/app/profile/page.tsx(540,52): error TS7006: Parameter 'e' implicitly has an 'any' type.
src/app/profile/page.tsx(551,34): error TS2741: Property 'placeholder' is missing in type '{ label: string; field: { onChange: (e: any) => void; onBlur: Noop; value: number | null | undefined; disabled?: boolean | undefined; name: "biometrics.maxHR"; ref: RefCallBack; }; editing: boolean; error: FieldError | undefined; }' but required in type '{ label: any; field: { value: any; onChange: any; }; editing: any; placeholder: any; error: any; }'.
src/app/profile/page.tsx(555,52): error TS7006: Parameter 'e' implicitly has an 'any' type.
src/app/profile/page.tsx(566,34): error TS2741: Property 'placeholder' is missing in type '{ label: string; field: { onChange: (e: any) => void; onBlur: Noop; value: number | null | undefined; disabled?: boolean | undefined; name: "biometrics.ftp"; ref: RefCallBack; }; editing: boolean; error: FieldError | undefined; }' but required in type '{ label: any; field: { value: any; onChange: any; }; editing: any; placeholder: any; error: any; }'.
src/app/profile/page.tsx(570,52): error TS7006: Parameter 'e' implicitly has an 'any' type.
src/app/profile/page.tsx(585,52): error TS7006: Parameter 'e' implicitly has an 'any' type.
src/app/profile/page.tsx(605,36): error TS18047: 'trainingZones' is possibly 'null'.
src/app/profile/page.tsx(616,36): error TS18047: 'trainingZones' is possibly 'null'.
src/app/profile/page.tsx(627,36): error TS18047: 'trainingZones' is possibly 'null'.
src/app/profile/page.tsx(662,22): error TS18048: 'seasonGoals' is possibly 'undefined'.
src/components/activity/ActivityActuals.tsx(6,43): error TS7031: Binding element 'activity' implicitly has an 'any' type.
src/components/activity/ActivityActuals.tsx(6,53): error TS7031: Binding element 'onUpdate' implicitly has an 'any' type.
src/components/activity/ActivityCharts.tsx(5,27): error TS7031: Binding element 'streams' implicitly has an 'any' type.
src/components/activity/ActivityCharts.tsx(5,36): error TS7031: Binding element 'type' implicitly has an 'any' type.
src/components/activity/ActivityCharts.tsx(17,36): error TS7006: Parameter 't' implicitly has an 'any' type.
src/components/activity/ActivityCharts.tsx(17,39): error TS7006: Parameter 'i' implicitly has an 'any' type.
src/components/activity/ActivityCharts.tsx(26,17): error TS7006: Parameter '_' implicitly has an 'any' type.
src/components/activity/ActivityCharts.tsx(26,20): error TS7006: Parameter 'i' implicitly has an 'any' type.
src/components/activity/ActivityCharts.tsx(28,30): error TS7031: Binding element 'active' implicitly has an 'any' type.
src/components/activity/ActivityCharts.tsx(28,38): error TS7031: Binding element 'payload' implicitly has an 'any' type.
src/components/activity/ActivityCharts.tsx(33,35): error TS7006: Parameter 'entry' implicitly has an 'any' type.
src/components/activity/ActivityCharts.tsx(33,42): error TS7006: Parameter 'index' implicitly has an 'any' type.
src/components/activity/ActivityHeader.tsx(8,27): error TS7031: Binding element 'activity' implicitly has an 'any' type.
src/components/activity/ActivityHeader.tsx(8,37): error TS7031: Binding element 'plannedWorkout' implicitly has an 'any' type.
src/components/activity/ActivityHeader.tsx(8,53): error TS7031: Binding element 'executionScore' implicitly has an 'any' type.
src/components/activity/ActivityHeader.tsx(13,25): error TS7006: Parameter 'dateString' implicitly has an 'any' type.
src/components/activity/ActivityHeader.tsx(23,25): error TS7006: Parameter 'dateString' implicitly has an 'any' type.
src/components/activity/ActivityLapEditor.tsx(29,45): error TS7031: Binding element 'activity' implicitly has an 'any' type.
src/components/activity/ActivityLapEditor.tsx(29,55): error TS7031: Binding element 'isOpen' implicitly has an 'any' type.
src/components/activity/ActivityLapEditor.tsx(29,63): error TS7031: Binding element 'onClose' implicitly has an 'any' type.
src/components/activity/ActivityLapEditor.tsx(29,72): error TS7031: Binding element 'onUpdate' implicitly has an 'any' type.
src/components/activity/ActivityLapEditor.tsx(37,37): error TS7006: Parameter 'lap' implicitly has an 'any' type.
src/components/activity/ActivityLapEditor.tsx(54,29): error TS7006: Parameter 'data' implicitly has an 'any' type.
src/components/activity/ActivityLapEditor.tsx(64,48): error TS7006: Parameter 'item' implicitly has an 'any' type.
src/components/activity/ActivityLapEditor.tsx(64,54): error TS7006: Parameter 'newIndex' implicitly has an 'any' type.
src/components/activity/ActivityLapEditor.tsx(66,56): error TS7006: Parameter 'l' implicitly has an 'any' type.
src/components/activity/ActivityLapEditor.tsx(101,26): error TS2345: Argument of type '"Failed to save changes. Please try again."' is not assignable to parameter of type 'SetStateAction<null>'.
src/components/activity/ActivityLapEditor.tsx(152,49): error TS7053: Element implicitly has an 'any' type because expression of type 'number' can't be used to index type 'FieldError | Merge<FieldError, FieldErrorsImpl<any>>'.
  No index signature with a parameter of type 'number' was found on type 'FieldError | Merge<FieldError, FieldErrorsImpl<any>>'.
src/components/activity/ActivityLapEditor.tsx(156,42): error TS7053: Element implicitly has an 'any' type because expression of type 'number' can't be used to index type 'FieldError | Merge<FieldError, FieldErrorsImpl<any>>'.
  No index signature with a parameter of type 'number' was found on type 'FieldError | Merge<FieldError, FieldErrorsImpl<any>>'.
src/components/activity/ActivityLapEditor.tsx(157,91): error TS7053: Element implicitly has an 'any' type because expression of type 'number' can't be used to index type 'FieldError | Merge<FieldError, FieldErrorsImpl<any>>'.
  No index signature with a parameter of type 'number' was found on type 'FieldError | Merge<FieldError, FieldErrorsImpl<any>>'.
src/components/activity/ActivityLapEditor.tsx(171,57): error TS7053: Element implicitly has an 'any' type because expression of type 'number' can't be used to index type 'FieldError | Merge<FieldError, FieldErrorsImpl<any>>'.
  No index signature with a parameter of type 'number' was found on type 'FieldError | Merge<FieldError, FieldErrorsImpl<any>>'.
src/components/activity/ActivityLapEditor.tsx(177,42): error TS7053: Element implicitly has an 'any' type because expression of type 'number' can't be used to index type 'FieldError | Merge<FieldError, FieldErrorsImpl<any>>'.
  No index signature with a parameter of type 'number' was found on type 'FieldError | Merge<FieldError, FieldErrorsImpl<any>>'.
src/components/activity/ActivityLapEditor.tsx(178,91): error TS7053: Element implicitly has an 'any' type because expression of type 'number' can't be used to index type 'FieldError | Merge<FieldError, FieldErrorsImpl<any>>'.
  No index signature with a parameter of type 'number' was found on type 'FieldError | Merge<FieldError, FieldErrorsImpl<any>>'.
src/components/activity/ActivityLaps.tsx(5,25): error TS7031: Binding element 'activity' implicitly has an 'any' type.
src/components/activity/ActivityLaps.tsx(5,35): error TS7031: Binding element 'onUpdate' implicitly has an 'any' type.
src/components/activity/ActivityLaps.tsx(11,29): error TS7006: Parameter 'seconds' implicitly has an 'any' type.
src/components/activity/ActivityLaps.tsx(17,26): error TS7006: Parameter 'speed' implicitly has an 'any' type.
src/components/activity/ActivityLaps.tsx(17,33): error TS7006: Parameter 'type' implicitly has an 'any' type.
src/components/activity/ActivityLaps.tsx(58,32): error TS7006: Parameter 'updatedActivity' implicitly has an 'any' type.
src/components/activity/ActivityLaps.tsx(80,36): error TS7006: Parameter 'lap' implicitly has an 'any' type.
src/components/activity/ActivityLaps.tsx(80,41): error TS7006: Parameter 'idx' implicitly has an 'any' type.
src/components/home/TodayActivityCard.tsx(11,30): error TS7031: Binding element 'activity' implicitly has an 'any' type.
src/components/home/TodayActivityCard.tsx(15,28): error TS7006: Parameter 'type' implicitly has an 'any' type.
src/components/home/TodayActivityCard.tsx(58,29): error TS7006: Parameter 'meters' implicitly has an 'any' type.
src/components/home/TodayActivityCard.tsx(63,25): error TS7006: Parameter 'speed' implicitly has an 'any' type.
src/components/home/TodayActivityCard.tsx(71,26): error TS7006: Parameter 'metersPerSec' implicitly has an 'any' type.
src/components/home/WeeklyRibbon.tsx(6,67): error TS7031: Binding element 'selectedDate' implicitly has an 'any' type.
src/components/home/WeeklyRibbon.tsx(6,81): error TS7031: Binding element 'onDateSelect' implicitly has an 'any' type.
src/components/home/WeeklyRibbon.tsx(11,18): error TS7053: Element implicitly has an 'any' type because expression of type 'any' can't be used to index type '{}'.
src/components/home/WeeklyRibbon.tsx(11,29): error TS2339: Property 'fullDate' does not exist on type 'never'.
src/components/home/WeeklyRibbon.tsx(11,40): error TS7053: Element implicitly has an 'any' type because expression of type 'any' can't be used to index type '{}'.
src/components/home/WeeklyRibbon.tsx(11,51): error TS2339: Property 'fullDate' does not exist on type 'never'.
src/components/home/WeeklyRibbon.tsx(12,13): error TS7053: Element implicitly has an 'any' type because expression of type 'any' can't be used to index type '{}'.
src/components/home/WeeklyRibbon.tsx(12,24): error TS2339: Property 'fullDate' does not exist on type 'never'.
src/components/home/WeeklyRibbon.tsx(43,20): error TS2339: Property 'startDate' does not exist on type 'never'.
src/components/home/WeeklyRibbon.tsx(45,44): error TS2339: Property 'startDate' does not exist on type 'never'.
src/components/home/WeeklyRibbon.tsx(52,33): error TS7053: Element implicitly has an 'any' type because expression of type 'string' can't be used to index type '{}'.
  No index signature with a parameter of type 'string' was found on type '{}'.
src/components/home/WeeklyRibbon.tsx(63,46): error TS2339: Property 'type' does not exist on type 'never'.
src/components/home/WeeklyRibbon.tsx(78,22): error TS7006: Parameter 'type' implicitly has an 'any' type.
src/components/home/WeeklyRibbon.tsx(96,25): error TS7006: Parameter 'offset' implicitly has an 'any' type.
src/components/home/WorkoutCard.tsx(13,24): error TS7031: Binding element 'workout' implicitly has an 'any' type.
src/components/home/WorkoutCard.tsx(51,28): error TS7006: Parameter 'type' implicitly has an 'any' type.
src/components/home/WorkoutCard.tsx(159,44): error TS7006: Parameter 'h' implicitly has an 'any' type.
src/components/home/WorkoutCard.tsx(159,47): error TS7006: Parameter 'i' implicitly has an 'any' type.
src/components/home/WorkoutCard.tsx(207,65): error TS7006: Parameter 'interval' implicitly has an 'any' type.
src/components/home/WorkoutCard.tsx(207,75): error TS7006: Parameter 'idx' implicitly has an 'any' type.
src/components/layout/Sidebar.tsx(10,20): error TS7031: Binding element 'icon' implicitly has an 'any' type.
src/components/layout/Sidebar.tsx(10,26): error TS7031: Binding element 'label' implicitly has an 'any' type.
src/components/layout/Sidebar.tsx(10,33): error TS7031: Binding element 'to' implicitly has an 'any' type.
src/components/ui/Card.tsx(4,17): error TS7031: Binding element 'children' implicitly has an 'any' type.
src/components/ui/Card.tsx(4,27): error TS7031: Binding element 'className' implicitly has an 'any' type.
src/components/ui/Metric.tsx(3,19): error TS7031: Binding element 'label' implicitly has an 'any' type.
src/components/ui/Metric.tsx(3,26): error TS7031: Binding element 'value' implicitly has an 'any' type.
src/components/ui/Metric.tsx(3,33): error TS7031: Binding element 'sub' implicitly has an 'any' type.
src/hooks/useActivities.ts(14,28): error TS7006: Parameter 'name' implicitly has an 'any' type.
src/hooks/useActivities.ts(17,44): error TS2532: Object is possibly 'undefined'.
src/hooks/useActivities.ts(23,25): error TS2345: Argument of type 'string' is not assignable to parameter of type 'SetStateAction<null>'.
src/hooks/useActivities.ts(28,39): error TS2345: Argument of type 'string' is not assignable to parameter of type 'SetStateAction<null>'.
src/hooks/useActivities.ts(60,27): error TS2345: Argument of type '"syncing"' is not assignable to parameter of type 'SetStateAction<null>'.
src/hooks/useActivities.ts(76,39): error TS2345: Argument of type '"rate_limited"' is not assignable to parameter of type 'SetStateAction<null>'.
src/hooks/useActivities.ts(85,39): error TS2345: Argument of type '"syncing"' is not assignable to parameter of type 'SetStateAction<null>'.
src/hooks/useActivities.ts(88,39): error TS2345: Argument of type '"complete"' is not assignable to parameter of type 'SetStateAction<null>'.
src/hooks/useActivities.ts(97,39): error TS2345: Argument of type '"error"' is not assignable to parameter of type 'SetStateAction<null>'.
src/hooks/useActivities.ts(102,31): error TS2345: Argument of type '"error"' is not assignable to parameter of type 'SetStateAction<null>'.
src/hooks/useAthlete.ts(17,34): error TS2345: Argument of type '"Not authenticated"' is not assignable to parameter of type 'SetStateAction<null>'.
src/hooks/useAthlete.ts(27,26): error TS18046: 'err' is of type 'unknown'.
src/hooks/useDailyActivities.ts(7,36): error TS7006: Parameter 'date' implicitly has an 'any' type.
src/hooks/useDailyActivities.ts(15,28): error TS7006: Parameter 'name' implicitly has an 'any' type.
src/hooks/useDailyActivities.ts(18,44): error TS2532: Object is possibly 'undefined'.
src/hooks/useDailyActivities.ts(23,25): error TS2345: Argument of type 'string' is not assignable to parameter of type 'SetStateAction<null>'.
src/hooks/useDailyActivities.ts(26,39): error TS2345: Argument of type 'string' is not assignable to parameter of type 'SetStateAction<null>'.
src/hooks/useDailyActivities.ts(62,26): error TS18046: 'err' is of type 'unknown'.
src/hooks/useDailyWorkout.ts(8,33): error TS7006: Parameter 'date' implicitly has an 'any' type.
src/hooks/useDailyWorkout.ts(32,24): error TS7006: Parameter 'basicWorkout' implicitly has an 'any' type.
src/hooks/useDailyWorkout.ts(36,31): error TS7006: Parameter 'distInMeters' implicitly has an 'any' type.
src/hooks/useDailyWorkout.ts(90,39): error TS7006: Parameter 'ex' implicitly has an 'any' type.
src/hooks/useDailyWorkout.ts(90,43): error TS7006: Parameter 'idx' implicitly has an 'any' type.
src/hooks/useDailyWorkout.ts(176,22): error TS7053: Element implicitly has an 'any' type because expression of type 'any' can't be used to index type '{ Bike: { targetPower: string; targetCadence: string; targetRPE: string; duration: number; tss: number; zone: string; intervals: ({ step: number; name: string; description: string; isMain?: undefined; } | { ...; })[]; intensityProfile: number[]; }; Run: { ...; }; Swim: { ...; }; Brick: { ...; }; Rest: { ...; }; }'.
src/hooks/useDailyWorkout.ts(193,35): error TS7006: Parameter 'workout' implicitly has an 'any' type.
src/hooks/useMonthlyWorkouts.ts(4,36): error TS7006: Parameter 'date' implicitly has an 'any' type.
src/hooks/useMonthlyWorkouts.ts(6,28): error TS7006: Parameter 'inputDate' implicitly has an 'any' type.
src/hooks/useTodayActivities.ts(15,28): error TS7006: Parameter 'name' implicitly has an 'any' type.
src/hooks/useTodayActivities.ts(18,44): error TS2532: Object is possibly 'undefined'.
src/hooks/useTodayActivities.ts(23,25): error TS2345: Argument of type 'string' is not assignable to parameter of type 'SetStateAction<null>'.
src/hooks/useTodayActivities.ts(26,39): error TS2345: Argument of type 'string' is not assignable to parameter of type 'SetStateAction<null>'.
src/hooks/useTodayActivities.ts(57,26): error TS18046: 'err' is of type 'unknown'.
src/hooks/useWeeklyWorkouts.ts(9,35): error TS7006: Parameter 'date' implicitly has an 'any' type.
src/hooks/useWeeklyWorkouts.ts(14,27): error TS7006: Parameter 'inputDate' implicitly has an 'any' type.
src/lib/models/athlete.ts(46,45): error TS7006: Parameter 'stravaId' implicitly has an 'any' type.
src/lib/models/athlete.ts(57,37): error TS7006: Parameter 'stravaId' implicitly has an 'any' type.
src/lib/models/athlete.ts(57,47): error TS7006: Parameter 'data' implicitly has an 'any' type.
src/lib/models/athlete.ts(90,43): error TS7006: Parameter 'stravaId' implicitly has an 'any' type.
src/lib/models/athlete.ts(90,53): error TS7006: Parameter 'accessToken' implicitly has an 'any' type.
src/lib/models/athlete.ts(90,66): error TS7006: Parameter 'refreshToken' implicitly has an 'any' type.
src/lib/models/athlete.ts(90,80): error TS7006: Parameter 'expiresAt' implicitly has an 'any' type.
src/lib/mongodb.ts(6,5): error TS7034: Variable 'clientPromise' implicitly has type 'any' in some locations where its type cannot be determined.
src/lib/mongodb.ts(17,9): error TS7005: Variable 'clientPromise' implicitly has an 'any' type.
src/lib/mongodb.ts(25,21): error TS7017: Element implicitly has an 'any' type because type 'typeof globalThis' has no index signature.
src/lib/mongodb.ts(27,20): error TS7017: Element implicitly has an 'any' type because type 'typeof globalThis' has no index signature.
src/lib/mongodb.ts(29,32): error TS7017: Element implicitly has an 'any' type because type 'typeof globalThis' has no index signature.
src/lib/mongodb.ts(53,37): error TS7006: Parameter 'collectionName' implicitly has an 'any' type.
src/lib/strava.ts(12,40): error TS2345: Argument of type '{ client_id: string | undefined; redirect_uri: string | undefined; response_type: string; scope: string; }' is not assignable to parameter of type 'string | Record<string, string> | URLSearchParams | string[][] | undefined'.
  Type '{ client_id: string | undefined; redirect_uri: string | undefined; response_type: string; scope: string; }' is not assignable to type 'undefined'.
src/lib/strava.ts(27,45): error TS7006: Parameter 'code' implicitly has an 'any' type.
src/lib/strava.ts(61,42): error TS7006: Parameter 'refreshToken' implicitly has an 'any' type.
src/lib/strava.ts(94,34): error TS7006: Parameter 'accessToken' implicitly has an 'any' type.
src/lib/strava.ts(114,43): error TS7006: Parameter 'stravaId' implicitly has an 'any' type.
src/lib/strava.ts(153,37): error TS7006: Parameter 'accessToken' implicitly has an 'any' type.
src/lib/strava.ts(156,17): error TS2339: Property 'before' does not exist on type '{}'.
src/lib/strava.ts(156,54): error TS2339: Property 'before' does not exist on type '{}'.
src/lib/strava.ts(157,17): error TS2339: Property 'after' does not exist on type '{}'.
src/lib/strava.ts(157,52): error TS2339: Property 'after' does not exist on type '{}'.
src/lib/strava.ts(158,17): error TS2339: Property 'page' does not exist on type '{}'.
src/lib/strava.ts(158,50): error TS2339: Property 'page' does not exist on type '{}'.
src/lib/strava.ts(159,17): error TS2339: Property 'perPage' does not exist on type '{}'.
src/lib/strava.ts(159,57): error TS2339: Property 'perPage' does not exist on type '{}'.
src/lib/strava.ts(183,41): error TS7006: Parameter 'accessToken' implicitly has an 'any' type.
src/lib/strava.ts(183,54): error TS7006: Parameter 'activityId' implicitly has an 'any' type.
src/lib/strava.ts(204,39): error TS7006: Parameter 'accessToken' implicitly has an 'any' type.
src/lib/strava.ts(204,52): error TS7006: Parameter 'activityId' implicitly has an 'any' type.
src/lib/strava.ts(226,42): error TS7006: Parameter 'accessToken' implicitly has an 'any' type.
src/lib/strava.ts(226,55): error TS7006: Parameter 'activityId' implicitly has an 'any' type.
src/lib/strava.ts(261,28): error TS2339: Property 'data' does not exist on type '{}'.
src/lib/strava.ts(262,13): error TS7053: Element implicitly has an 'any' type because expression of type 'string' can't be used to index type '{}'.
  No index signature with a parameter of type 'string' was found on type '{}'.
src/lib/strava.ts(262,34): error TS2339: Property 'data' does not exist on type '{}'.
src/lib/strava.ts(276,43): error TS7006: Parameter 'accessToken' implicitly has an 'any' type.
src/lib/strava.ts(276,56): error TS7006: Parameter 'activityId' implicitly has an 'any' type.
src/lib/time.ts(11,32): error TS7006: Parameter 'seconds' implicitly has an 'any' type.
src/lib/time.ts(39,31): error TS7006: Parameter 'timeStr' implicitly has an 'any' type.
src/lib/time.ts(56,33): error TS7006: Parameter 'value' implicitly has an 'any' type.
src/lib/utils.ts(4,20): error TS7019: Rest parameter 'inputs' implicitly has an 'any[]' type.
src/lib/zones.ts(7,40): error TS7006: Parameter 'maxHR' implicitly has an 'any' type.
src/lib/zones.ts(7,47): error TS7006: Parameter 'restingHR' implicitly has an 'any' type.
src/lib/zones.ts(38,38): error TS7006: Parameter 'ftp' implicitly has an 'any' type.
src/lib/zones.ts(60,36): error TS7006: Parameter 'cssString' implicitly has an 'any' type.
src/lib/zones.ts(76,21): error TS7006: Parameter 's' implicitly has an 'any' type.
src/proxy.ts(3,23): error TS7006: Parameter 'request' implicitly has an 'any' type.
